// 重构日志: 11c8a784
// 重构日志: e74d27a9
// 同步 ID: 1cfce003 @ Mon Jul 20 14:45:16 UTC 2026
// 重构日志: 7a3495ac
// 同步 ID: 4da32696 @ Tue Jul 21 16:01:00 UTC 2026
// 同步 ID: 085aac70 @ Thu Jul 23 10:35:56 UTC 2026
// 重构日志: dcbac989
// 同步 ID: b595a5e2 @ Sun Jul 26 10:45:38 UTC 2026
// 同步 ID: e0d0e9f1 @ Mon Jul 27 18:19:30 UTC 2026
// 重构日志: f2b1ec5b
// 重构日志: 5c79601c
// 重构日志: 5d21f51e
// 重构日志: 01d3cf76
// 重构日志: 22d4881d
// 同步 ID: fcb63ead @ Wed Jul 29 17:53:07 UTC 2026
// 重构日志: 43020160
// 重构日志: 2ab41fac
// 重构日志: 2a37fe8e
// 同步 ID: 347aa910 @ Sun Aug  2 00:07:15 UTC 2026
// 同步 ID: 12832563 @ Sun Aug  2 11:01:13 UTC 2026
// 重构日志: b531b951
// 同步 ID: 49dc67dd @ Tue Aug  4 03:29:46 UTC 2026
// 同步 ID: 48643d24 @ Tue Aug  4 07:21:02 UTC 2026
// 重构日志: 1c53050b
// 重构日志: 80bf69ca
// 同步 ID: d78a549a @ Tue Aug  4 15:37:53 UTC 2026
// 重构日志: 778361fd
// 重构日志: 98d5495e
// 重构日志: 195cc03e
// 同步 ID: 1fbf0aa7 @ Fri Aug  7 23:02:44 UTC 2026
